
C:\Users\Dell>E:

E:\ML\Git>git init
Initialized empty Git repository in E:/ML/Git/.git/

E:\ML\Git>dir
 Volume in drive E is New Volume
 Volume Serial Number is C836-4111

 Directory of E:\ML\Git

09/29/2024  11:09 PM    <DIR>          .
09/29/2024  11:09 PM    <DIR>          ..
09/29/2024  11:08 PM                 0 readme.txt
               1 File(s)              0 bytes
               2 Dir(s)  105,540,509,696 bytes free

E:\ML\Git>git config --global user.name
Abhijeet

E:\ML\Git> git config --global user.email
abhidalvi24@gmail.com

E:\ML\Git>echo "# gittutorials" >> README.md

E:\ML\Git>git status
On branch master

No commits yet

Untracked files:
  (use "git add <file>..." to include in what will be committed)
        README.md

nothing added to commit but untracked files present (use "git add" to track)

E:\ML\Git>
E:\ML\Git>git add README.md

E:\ML\Git>git status
On branch master

No commits yet

Changes to be committed:
  (use "git rm --cached <file>..." to unstage)
        new file:   README.md


E:\ML\Git>git commite -m "This is my first commite"
git: 'commite' is not a git command. See 'git --help'.

The most similar command is
        commit

E:\ML\Git>git commit -m "This is my first commit"
[master (root-commit) c92ee1a] This is my first commit
 1 file changed, 1 insertion(+)
 create mode 100644 README.md

E:\ML\Git>git status
On branch master
nothing to commit, working tree clean

E:\ML\Git>
E:\ML\Git>git branch
* master

E:\ML\Git>git branch -m main

E:\ML\Git>git branch
* main

E:\ML\Git>git remote add origin https://github.com/abidalvi9/gittutorials.git

E:\ML\Git>git remote -v
origin  https://github.com/abidalvi9/gittutorials.git (fetch)
origin  https://github.com/abidalvi9/gittutorials.git (push)

E:\ML\Git>git push origin main
info: please complete authentication in your browser...
Enumerating objects: 3, done.
Counting objects: 100% (3/3), done.
Writing objects: 100% (3/3), 239 bytes | 119.00 KiB/s, done.
Total 3 (delta 0), reused 0 (delta 0), pack-reused 0 (from 0)
To https://github.com/abidalvi9/gittutorials.git
 * [new branch]      main -> main

E:\ML\Git>git status
On branch main
Changes not staged for commit:
  (use "git add <file>..." to update what will be committed)
  (use "git restore <file>..." to discard changes in working directory)
        modified:   README.md

no changes added to commit (use "git add" and/or "git commit -a")

E:\ML\Git>git restore README.md

E:\ML\Git>git status
On branch main
Changes not staged for commit:
  (use "git add <file>..." to update what will be committed)
  (use "git restore <file>..." to discard changes in working directory)
        modified:   README.md

Untracked files:
  (use "git add <file>..." to include in what will be committed)
        test.txt

no changes added to commit (use "git add" and/or "git commit -a")

E:\ML\Git>git add .

E:\ML\Git>git status
On branch main
Changes to be committed:
  (use "git restore --staged <file>..." to unstage)
        modified:   README.md
        new file:   test.txt


E:\ML\Git>git commit -m "This is my second commit"
[main 1825d9e] This is my second commit
 2 files changed, 1 insertion(+)
 create mode 100644 test.txt

E:\ML\Git>git remote -v
origin  https://github.com/abidalvi9/gittutorials.git (fetch)
origin  https://github.com/abidalvi9/gittutorials.git (push)

E:\ML\Git>git push origin main
Enumerating objects: 6, done.
Counting objects: 100% (6/6), done.
Delta compression using up to 8 threads
Compressing objects: 100% (2/2), done.
Writing objects: 100% (4/4), 319 bytes | 319.00 KiB/s, done.
Total 4 (delta 0), reused 0 (delta 0), pack-reused 0 (from 0)
To https://github.com/abidalvi9/gittutorials.git
   c92ee1a..1825d9e  main -> main

E:\ML\Git>